HMain  30000005
XR3000Start
I300080Displ
I300180V
I300280X
I300380Displ
T30004800
T30012200
T30023200
T30034800
T3004f025
E3000