HTest44MMMM0002
I000040Symbol
I0001f0Symbol
T00001060
T00010000
E0000