HMain  MMMM0005
XR0000Start
I000080Displ
I000180V
I000280X
I000380Displ
T00004800
T00012200
T00023200
T00034800
T0004f025
E0000