HMesg  MMMM001d
XR000cDispl
XR0008X
T00000056
T00010061
T0002006c
T00030075
T00040065
T0005003d
T00060020
T00070000
T00080006
T000c3009M0
T000d320aM0
T000e3e0bM0
T000f2208M0
T00100819M0
T0011e000M0
T0012f022
T00132008M0
T0014f031
T0015103f
T00163008M0
T00170819M0
T00184011M0
T00192009M0
T001a220aM0
T001b2e0bM0
T001cd000
E000c