HTest44MMMM0003
XR0000Begin
I000040Symbol
I0000f0Symbol
T00001060
T00012000M0
T00020000
E0000