HData  MMMM0005
XR0000V
T00000002
T0001f043
T0002f025
T00032204
T00040001
E0002